Archive member included to satisfy reference by file (symbol)

/home/shell/Ac6/SystemWorkbench/plugins/fr.ac6.mcu.externaltools.arm-none.linux64_1.15.0.201708311556/tools/compiler/bin/../lib/gcc/arm-none-eabi/6.3.1/../../../../arm-none-eabi/lib/thumb/v7-m/libc.a(lib_a-errno.o)
                              USER/syscalls.o (__errno)
/home/shell/Ac6/SystemWorkbench/plugins/fr.ac6.mcu.externaltools.arm-none.linux64_1.15.0.201708311556/tools/compiler/bin/../lib/gcc/arm-none-eabi/6.3.1/../../../../arm-none-eabi/lib/thumb/v7-m/libc.a(lib_a-exit.o)
                              /home/shell/Ac6/SystemWorkbench/plugins/fr.ac6.mcu.externaltools.arm-none.linux64_1.15.0.201708311556/tools/compiler/bin/../lib/gcc/arm-none-eabi/6.3.1/../../../../arm-none-eabi/lib/thumb/v7-m/crt0.o (exit)
/home/shell/Ac6/SystemWorkbench/plugins/fr.ac6.mcu.externaltools.arm-none.linux64_1.15.0.201708311556/tools/compiler/bin/../lib/gcc/arm-none-eabi/6.3.1/../../../../arm-none-eabi/lib/thumb/v7-m/libc.a(lib_a-impure.o)
                              /home/shell/Ac6/SystemWorkbench/plugins/fr.ac6.mcu.externaltools.arm-none.linux64_1.15.0.201708311556/tools/compiler/bin/../lib/gcc/arm-none-eabi/6.3.1/../../../../arm-none-eabi/lib/thumb/v7-m/libc.a(lib_a-exit.o) (_global_impure_ptr)
/home/shell/Ac6/SystemWorkbench/plugins/fr.ac6.mcu.externaltools.arm-none.linux64_1.15.0.201708311556/tools/compiler/bin/../lib/gcc/arm-none-eabi/6.3.1/../../../../arm-none-eabi/lib/thumb/v7-m/libc.a(lib_a-init.o)
                              /home/shell/Ac6/SystemWorkbench/plugins/fr.ac6.mcu.externaltools.arm-none.linux64_1.15.0.201708311556/tools/compiler/bin/../lib/gcc/arm-none-eabi/6.3.1/../../../../arm-none-eabi/lib/thumb/v7-m/crt0.o (__libc_init_array)
/home/shell/Ac6/SystemWorkbench/plugins/fr.ac6.mcu.externaltools.arm-none.linux64_1.15.0.201708311556/tools/compiler/bin/../lib/gcc/arm-none-eabi/6.3.1/../../../../arm-none-eabi/lib/thumb/v7-m/libc.a(lib_a-memset.o)
                              /home/shell/Ac6/SystemWorkbench/plugins/fr.ac6.mcu.externaltools.arm-none.linux64_1.15.0.201708311556/tools/compiler/bin/../lib/gcc/arm-none-eabi/6.3.1/../../../../arm-none-eabi/lib/thumb/v7-m/crt0.o (memset)
/home/shell/Ac6/SystemWorkbench/plugins/fr.ac6.mcu.externaltools.arm-none.linux64_1.15.0.201708311556/tools/compiler/bin/../lib/gcc/arm-none-eabi/6.3.1/../../../../arm-none-eabi/lib/thumb/v7-m/libc.a(lib_a-__call_atexit.o)
                              /home/shell/Ac6/SystemWorkbench/plugins/fr.ac6.mcu.externaltools.arm-none.linux64_1.15.0.201708311556/tools/compiler/bin/../lib/gcc/arm-none-eabi/6.3.1/../../../../arm-none-eabi/lib/thumb/v7-m/libc.a(lib_a-exit.o) (__call_exitprocs)
/home/shell/Ac6/SystemWorkbench/plugins/fr.ac6.mcu.externaltools.arm-none.linux64_1.15.0.201708311556/tools/compiler/bin/../lib/gcc/arm-none-eabi/6.3.1/../../../../arm-none-eabi/lib/thumb/v7-m/libc.a(lib_a-atexit.o)
                              /home/shell/Ac6/SystemWorkbench/plugins/fr.ac6.mcu.externaltools.arm-none.linux64_1.15.0.201708311556/tools/compiler/bin/../lib/gcc/arm-none-eabi/6.3.1/../../../../arm-none-eabi/lib/thumb/v7-m/libc.a(lib_a-__call_atexit.o) (atexit)
/home/shell/Ac6/SystemWorkbench/plugins/fr.ac6.mcu.externaltools.arm-none.linux64_1.15.0.201708311556/tools/compiler/bin/../lib/gcc/arm-none-eabi/6.3.1/../../../../arm-none-eabi/lib/thumb/v7-m/libc.a(lib_a-fini.o)
                              /home/shell/Ac6/SystemWorkbench/plugins/fr.ac6.mcu.externaltools.arm-none.linux64_1.15.0.201708311556/tools/compiler/bin/../lib/gcc/arm-none-eabi/6.3.1/../../../../arm-none-eabi/lib/thumb/v7-m/libc.a(lib_a-__call_atexit.o) (__libc_fini_array)
/home/shell/Ac6/SystemWorkbench/plugins/fr.ac6.mcu.externaltools.arm-none.linux64_1.15.0.201708311556/tools/compiler/bin/../lib/gcc/arm-none-eabi/6.3.1/../../../../arm-none-eabi/lib/thumb/v7-m/libc.a(lib_a-lock.o)
                              /home/shell/Ac6/SystemWorkbench/plugins/fr.ac6.mcu.externaltools.arm-none.linux64_1.15.0.201708311556/tools/compiler/bin/../lib/gcc/arm-none-eabi/6.3.1/../../../../arm-none-eabi/lib/thumb/v7-m/libc.a(lib_a-__call_atexit.o) (__retarget_lock_acquire_recursive)
/home/shell/Ac6/SystemWorkbench/plugins/fr.ac6.mcu.externaltools.arm-none.linux64_1.15.0.201708311556/tools/compiler/bin/../lib/gcc/arm-none-eabi/6.3.1/../../../../arm-none-eabi/lib/thumb/v7-m/libc.a(lib_a-__atexit.o)
                              /home/shell/Ac6/SystemWorkbench/plugins/fr.ac6.mcu.externaltools.arm-none.linux64_1.15.0.201708311556/tools/compiler/bin/../lib/gcc/arm-none-eabi/6.3.1/../../../../arm-none-eabi/lib/thumb/v7-m/libc.a(lib_a-atexit.o) (__register_exitproc)

Allocating common symbols
Common symbol       size              file

__lock___atexit_recursive_mutex
                    0x1               /home/shell/Ac6/SystemWorkbench/plugins/fr.ac6.mcu.externaltools.arm-none.linux64_1.15.0.201708311556/tools/compiler/bin/../lib/gcc/arm-none-eabi/6.3.1/../../../../arm-none-eabi/lib/thumb/v7-m/libc.a(lib_a-lock.o)
[...]
Memory Configuration

Name             Origin             Length             Attributes
RAM              0x0000000020000000 0x0000000000005000 xrw
ROM              0x0000000008000000 0x0000000000010000 xr
*default*        0x0000000000000000 0xffffffffffffffff

Linker script and memory map

LOAD /home/shell/Ac6/SystemWorkbench/plugins/fr.ac6.mcu.externaltools.arm-none.linux64_1.15.0.201708311556/tools/compiler/bin/../lib/gcc/arm-none-eabi/6.3.1/thumb/v7-m/crti.o
LOAD /home/shell/Ac6/SystemWorkbench/plugins/fr.ac6.mcu.externaltools.arm-none.linux64_1.15.0.201708311556/tools/compiler/bin/../lib/gcc/arm-none-eabi/6.3.1/thumb/v7-m/crtbegin.o
LOAD /home/shell/Ac6/SystemWorkbench/plugins/fr.ac6.mcu.externaltools.arm-none.linux64_1.15.0.201708311556/tools/compiler/bin/../lib/gcc/arm-none-eabi/6.3.1/../../../../arm-none-eabi/lib/thumb/v7-m/crt0.o
LOAD /home/shell/Ac6/SystemWorkbench/plugins/fr.ac6.mcu.externaltools.arm-none.linux64_1.15.0.201708311556/tools/compiler/bin/../lib/gcc/arm-none-eabi/6.3.1/../../../../arm-none-eabi/lib/thumb/v7-m/libm.a
LOAD CMSIS/core/core_cm3.o
LOAD StdPeriph_Driver/src/misc.o
LOAD StdPeriph_Driver/src/stm32f10x_adc.o
LOAD StdPeriph_Driver/src/stm32f10x_bkp.o
LOAD StdPeriph_Driver/src/stm32f10x_can.o
LOAD StdPeriph_Driver/src/stm32f10x_cec.o
LOAD StdPeriph_Driver/src/stm32f10x_crc.o
LOAD StdPeriph_Driver/src/stm32f10x_dac.o
LOAD StdPeriph_Driver/src/stm32f10x_dbgmcu.o
LOAD StdPeriph_Driver/src/stm32f10x_dma.o
LOAD StdPeriph_Driver/src/stm32f10x_exti.o
LOAD StdPeriph_Driver/src/stm32f10x_flash.o
LOAD StdPeriph_Driver/src/stm32f10x_fsmc.o
LOAD StdPeriph_Driver/src/stm32f10x_gpio.o
LOAD StdPeriph_Driver/src/stm32f10x_i2c.o
LOAD StdPeriph_Driver/src/stm32f10x_iwdg.o
LOAD StdPeriph_Driver/src/stm32f10x_pwr.o
LOAD StdPeriph_Driver/src/stm32f10x_rcc.o
LOAD StdPeriph_Driver/src/stm32f10x_rtc.o
LOAD StdPeriph_Driver/src/stm32f10x_sdio.o
LOAD StdPeriph_Driver/src/stm32f10x_spi.o
LOAD StdPeriph_Driver/src/stm32f10x_tim.o
LOAD StdPeriph_Driver/src/stm32f10x_usart.o
LOAD StdPeriph_Driver/src/stm32f10x_wwdg.o
LOAD UCOS/uC-CPU/cpu_a.o
LOAD UCOS/uC-CPU/cpu_c.o
LOAD UCOS/uC-CPU/cpu_core.o
LOAD UCOS/uC-LIB/lib_ascii.o
LOAD UCOS/uC-LIB/lib_math.o
LOAD UCOS/uC-LIB/lib_mem.o
LOAD UCOS/uC-LIB/lib_mem_a.o
LOAD UCOS/uC-LIB/lib_str.o
LOAD UCOS/uCOS-III/Ports/os_cpu_a.o
LOAD UCOS/uCOS-III/Ports/os_cpu_c.o
LOAD UCOS/uCOS-III/Source/os_cfg_app.o
LOAD UCOS/uCOS-III/Source/os_core.o
LOAD UCOS/uCOS-III/Source/os_dbg.o
LOAD UCOS/uCOS-III/Source/os_flag.o
LOAD UCOS/uCOS-III/Source/os_int.o
LOAD UCOS/uCOS-III/Source/os_mem.o
LOAD UCOS/uCOS-III/Source/os_msg.o
LOAD UCOS/uCOS-III/Source/os_mutex.o
LOAD UCOS/uCOS-III/Source/os_pend_multi.o
LOAD UCOS/uCOS-III/Source/os_prio.o
LOAD UCOS/uCOS-III/Source/os_q.o
LOAD UCOS/uCOS-III/Source/os_sem.o
LOAD UCOS/uCOS-III/Source/os_stat.o
LOAD UCOS/uCOS-III/Source/os_task.o
LOAD UCOS/uCOS-III/Source/os_tick.o
LOAD UCOS/uCOS-III/Source/os_time.o
LOAD UCOS/uCOS-III/Source/os_tmr.o
LOAD UCOS/uCOS-III/Source/os_var.o
LOAD UCOS/uC_CFG/os_app_hooks.o
LOAD USER/APP/app.o
LOAD USER/BSP/BSP.o
LOAD USER/BSP/led.o
LOAD USER/main.o
LOAD USER/stm32f10x_it.o
LOAD USER/syscalls.o
LOAD USER/system_stm32f10x.o
LOAD startup/startup_stm32.o
START GROUP
LOAD /home/shell/Ac6/SystemWorkbench/plugins/fr.ac6.mcu.externaltools.arm-none.linux64_1.15.0.201708311556/tools/compiler/bin/../lib/gcc/arm-none-eabi/6.3.1/thumb/v7-m/libgcc.a
LOAD /home/shell/Ac6/SystemWorkbench/plugins/fr.ac6.mcu.externaltools.arm-none.linux64_1.15.0.201708311556/tools/compiler/bin/../lib/gcc/arm-none-eabi/6.3.1/../../../../arm-none-eabi/lib/thumb/v7-m/libc.a
END GROUP
LOAD /home/shell/Ac6/SystemWorkbench/plugins/fr.ac6.mcu.externaltools.arm-none.linux64_1.15.0.201708311556/tools/compiler/bin/../lib/gcc/arm-none-eabi/6.3.1/thumb/v7-m/crtend.o
LOAD /home/shell/Ac6/SystemWorkbench/plugins/fr.ac6.mcu.externaltools.arm-none.linux64_1.15.0.201708311556/tools/compiler/bin/../lib/gcc/arm-none-eabi/6.3.1/thumb/v7-m/crtn.o
                0x0000000020005000                _estack = 0x20005000
                0x0000000000000000                _Min_Heap_Size = 0x0
                0x0000000000000400                _Min_Stack_Size = 0x400

.isr_vector     0x0000000008000000      0x188
                0x0000000008000000                . = ALIGN (0x4)
 *(.isr_vector)
 .isr_vector    0x0000000008000000      0x188 startup/startup_stm32.o
                0x0000000008000000                g_pfnVectors
                0x0000000008000188                . = ALIGN (0x4)

.text           0x0000000008000188     0x4f30
                0x0000000008000188                . = ALIGN (0x4)
 *(.text)
 .text          0x0000000008000188       0x6c /home/shell/Ac6/SystemWorkbench/plugins/fr.ac6.mcu.externaltools.arm-none.linux64_1.15.0.201708311556/tools/compiler/bin/../lib/gcc/arm-none-eabi/6.3.1/thumb/v7-m/crtbegin.o
 .text          0x00000000080001f4       0x34 UCOS/uC-CPU/cpu_a.o
                0x00000000080001f4                CPU_IntDis
                0x00000000080001f8                CPU_IntEn
                0x00000000080001fc                CPU_SR_Save
                0x0000000008000204                CPU_SR_Restore
                0x000000000800020a                CPU_WaitForInt
                0x000000000800020e                CPU_WaitForExcept
                0x0000000008000212                CPU_CntLeadZeros
                0x0000000008000218                CPU_CntTrailZeros
                0x0000000008000222                CPU_RevBits
 .text          0x0000000008000228       0x84 UCOS/uCOS-III/Ports/os_cpu_a.o
                0x0000000008000228                OSStartHighRdy
                0x000000000800024a                OS_CPU_PendSVHandler
 *(.text*)
 .text.GPIO_Init
                0x00000000080002ac      0x178 StdPeriph_Driver/src/stm32f10x_gpio.o
                0x00000000080002ac                GPIO_Init
 .text.GPIO_SetBits
                0x0000000008000424       0x1c StdPeriph_Driver/src/stm32f10x_gpio.o
                0x0000000008000424                GPIO_SetBits
 .text.GPIO_ResetBits
                0x0000000008000440       0x1c StdPeriph_Driver/src/stm32f10x_gpio.o
                0x0000000008000440                GPIO_ResetBits
 .text.RCC_APB2PeriphClockCmd
                0x000000000800045c       0x3c StdPeriph_Driver/src/stm32f10x_rcc.o
                0x000000000800045c                RCC_APB2PeriphClockCmd
 .text.CPU_Init
                0x0000000008000498        0xc UCOS/uC-CPU/cpu_core.o
                0x0000000008000498                CPU_Init
 .text.OSIdleTaskHook
                0x00000000080004a4       0x1c UCOS/uCOS-III/Ports/os_cpu_c.o
                0x00000000080004a4                OSIdleTaskHook
 .text.OSInitHook
                0x00000000080004c0       0x58 UCOS/uCOS-III/Ports/os_cpu_c.o
                0x00000000080004c0                OSInitHook
 .text.OSStatTaskHook
                0x0000000008000518       0x1c UCOS/uCOS-III/Ports/os_cpu_c.o
                0x0000000008000518                OSStatTaskHook
 .text.OSTaskCreateHook
                0x0000000008000534       0x24 UCOS/uCOS-III/Ports/os_cpu_c.o
                0x0000000008000534                OSTaskCreateHook
 .text.OSTaskDelHook
                0x0000000008000558       0x24 UCOS/uCOS-III/Ports/os_cpu_c.o
                0x0000000008000558                OSTaskDelHook
 .text.OSTaskReturnHook
                0x000000000800057c       0x24 UCOS/uCOS-III/Ports/os_cpu_c.o
                0x000000000800057c                OSTaskReturnHook
 .text.OSTaskStkInit
                0x00000000080005a0      0x100 UCOS/uCOS-III/Ports/os_cpu_c.o
                0x00000000080005a0                OSTaskStkInit
 .text.OSTaskSwHook
                0x00000000080006a0       0x70 UCOS/uCOS-III/Ports/os_cpu_c.o
                0x00000000080006a0                OSTaskSwHook
 .text.OSTimeTickHook
                0x0000000008000710       0x1c UCOS/uCOS-III/Ports/os_cpu_c.o
                0x0000000008000710                OSTimeTickHook
 .text.OSCfg_Init
                0x000000000800072c        0xc UCOS/uCOS-III/Source/os_cfg_app.o
                0x000000000800072c                OSCfg_Init
 .text.OSInit   0x0000000008000738      0x1fc UCOS/uCOS-III/Source/os_core.o
                0x0000000008000738                OSInit
 .text.OSIntEnter
                0x0000000008000934       0x38 UCOS/uCOS-III/Source/os_core.o
                0x0000000008000934                OSIntEnter
 .text.OSIntExit
                0x000000000800096c       0xe0 UCOS/uCOS-III/Source/os_core.o
                0x000000000800096c                OSIntExit
 .text.OSSched  0x0000000008000a4c       0xac UCOS/uCOS-III/Source/os_core.o
                0x0000000008000a4c                OSSched
 .text.OSSchedLock
                0x0000000008000af8       0x74 UCOS/uCOS-III/Source/os_core.o
                0x0000000008000af8                OSSchedLock
 .text.OSSchedUnlock
                0x0000000008000b6c       0x90 UCOS/uCOS-III/Source/os_core.o
                0x0000000008000b6c                OSSchedUnlock
 .text.OSStart  0x0000000008000bfc       0x80 UCOS/uCOS-III/Source/os_core.o
                0x0000000008000bfc                OSStart
 .text.OS_IdleTask
                0x0000000008000c7c       0x3c UCOS/uCOS-III/Source/os_core.o
                0x0000000008000c7c                OS_IdleTask
 .text.OS_IdleTaskInit
                0x0000000008000cb8       0x68 UCOS/uCOS-III/Source/os_core.o
                0x0000000008000cb8                OS_IdleTaskInit
 .text.OS_Pend  0x0000000008000d20       0x84 UCOS/uCOS-III/Source/os_core.o
                0x0000000008000d20                OS_Pend
 .text.OS_PendDataInit
                0x0000000008000da4       0x68 UCOS/uCOS-III/Source/os_core.o
                0x0000000008000da4                OS_PendDataInit
 .text.OS_PendDbgNameAdd
                0x0000000008000e0c       0x7c UCOS/uCOS-III/Source/os_core.o
                0x0000000008000e0c                OS_PendDbgNameAdd
 .text.OS_PendDbgNameRemove
                0x0000000008000e88       0x48 UCOS/uCOS-III/Source/os_core.o
                0x0000000008000e88                OS_PendDbgNameRemove
 .text.OS_PendListInsertPrio
                0x0000000008000ed0       0xe6 UCOS/uCOS-III/Source/os_core.o
                0x0000000008000ed0                OS_PendListInsertPrio
 .text.OS_PendListRemove
                0x0000000008000fb6       0x50 UCOS/uCOS-III/Source/os_core.o
                0x0000000008000fb6                OS_PendListRemove
 .text.OS_PendListRemove1
                0x0000000008001006       0x92 UCOS/uCOS-III/Source/os_core.o
                0x0000000008001006                OS_PendListRemove1
 .text.OS_Post  0x0000000008001098      0x118 UCOS/uCOS-III/Source/os_core.o
                0x0000000008001098                OS_Post
 .text.OS_Post1
                0x00000000080011b0       0x5c UCOS/uCOS-III/Source/os_core.o
                0x00000000080011b0                OS_Post1
 .text.OS_RdyListInit
                0x000000000800120c       0x48 UCOS/uCOS-III/Source/os_core.o
                0x000000000800120c                OS_RdyListInit
 .text.OS_RdyListInsert
                0x0000000008001254       0x3c UCOS/uCOS-III/Source/os_core.o
                0x0000000008001254                OS_RdyListInsert
 .text.OS_RdyListInsertHead
                0x0000000008001290       0x80 UCOS/uCOS-III/Source/os_core.o
                0x0000000008001290                OS_RdyListInsertHead
 .text.OS_RdyListInsertTail
                0x0000000008001310       0x80 UCOS/uCOS-III/Source/os_core.o
                0x0000000008001310                OS_RdyListInsertTail
 .text.OS_RdyListMoveHeadToTail
                0x0000000008001390       0x8e UCOS/uCOS-III/Source/os_core.o
                0x0000000008001390                OS_RdyListMoveHeadToTail
 *fill*         0x000000000800141e        0x2 
 .text.OS_RdyListRemove
                0x0000000008001420       0xb0 UCOS/uCOS-III/Source/os_core.o
                0x0000000008001420                OS_RdyListRemove
 .text.OS_Sched0
                0x00000000080014d0       0x60 UCOS/uCOS-III/Source/os_core.o
                0x00000000080014d0                OS_Sched0
 .text.OS_SchedRoundRobin
                0x0000000008001530       0xc8 UCOS/uCOS-III/Source/os_core.o
                0x0000000008001530                OS_SchedRoundRobin
 .text.OS_TaskBlock
                0x00000000080015f8       0x4e UCOS/uCOS-III/Source/os_core.o
                0x00000000080015f8                OS_TaskBlock
 .text.OS_TaskRdy
                0x0000000008001646       0x2a UCOS/uCOS-III/Source/os_core.o
                0x0000000008001646                OS_TaskRdy
 .text.OS_Dbg_Init
                0x0000000008001670      0x248 UCOS/uCOS-III/Source/os_dbg.o
                0x0000000008001670                OS_Dbg_Init
 .text.OS_FlagInit
                0x00000000080018b8       0x2c UCOS/uCOS-III/Source/os_flag.o
                0x00000000080018b8                OS_FlagInit
 .text.OS_FlagPost
                0x00000000080018e4      0x244 UCOS/uCOS-III/Source/os_flag.o
                0x00000000080018e4                OS_FlagPost
 .text.OS_FlagTaskRdy
                0x0000000008001b28       0x88 UCOS/uCOS-III/Source/os_flag.o
                0x0000000008001b28                OS_FlagTaskRdy
 .text.OS_IntQPost
                0x0000000008001bb0       0xfc UCOS/uCOS-III/Source/os_int.o
                0x0000000008001bb0                OS_IntQPost
 .text.OS_IntQRePost
                0x0000000008001cac      0x1c0 UCOS/uCOS-III/Source/os_int.o
                0x0000000008001cac                OS_IntQRePost
 .text.OS_IntQTask
                0x0000000008001e6c       0xa8 UCOS/uCOS-III/Source/os_int.o
                0x0000000008001e6c                OS_IntQTask
 .text.OS_IntQTaskInit
                0x0000000008001f14      0x164 UCOS/uCOS-III/Source/os_int.o
                0x0000000008001f14                OS_IntQTaskInit
 .text.OS_MemInit
                0x0000000008002078       0x2c UCOS/uCOS-III/Source/os_mem.o
                0x0000000008002078                OS_MemInit
 .text.OS_MsgPoolInit
                0x00000000080020a4       0xcc UCOS/uCOS-III/Source/os_msg.o
                0x00000000080020a4                OS_MsgPoolInit
 .text.OS_MsgQFreeAll
                0x0000000008002170       0x74 UCOS/uCOS-III/Source/os_msg.o
                0x0000000008002170                OS_MsgQFreeAll
 .text.OS_MsgQInit
                0x00000000080021e4       0x34 UCOS/uCOS-III/Source/os_msg.o
                0x00000000080021e4                OS_MsgQInit
 .text.OS_MsgQPut
                0x0000000008002218      0x110 UCOS/uCOS-III/Source/os_msg.o
                0x0000000008002218                OS_MsgQPut
 .text.OS_MutexInit
                0x0000000008002328       0x2c UCOS/uCOS-III/Source/os_mutex.o
                0x0000000008002328                OS_MutexInit
 .text.OS_PrioInit
                0x0000000008002354       0x30 UCOS/uCOS-III/Source/os_prio.o
                0x0000000008002354                OS_PrioInit
 .text.OS_PrioGetHighest
                0x0000000008002384       0x48 UCOS/uCOS-III/Source/os_prio.o
                0x0000000008002384                OS_PrioGetHighest
 .text.OS_PrioInsert
                0x00000000080023cc       0x4c UCOS/uCOS-III/Source/os_prio.o
                0x00000000080023cc                OS_PrioInsert
 .text.OS_PrioRemove
                0x0000000008002418       0x50 UCOS/uCOS-III/Source/os_prio.o
                0x0000000008002418                OS_PrioRemove
 .text.OS_QInit
                0x0000000008002468       0x2c UCOS/uCOS-III/Source/os_q.o
                0x0000000008002468                OS_QInit
 .text.OS_QPost
                0x0000000008002494      0x130 UCOS/uCOS-III/Source/os_q.o
                0x0000000008002494                OS_QPost
 .text.OS_SemInit
                0x00000000080025c4       0x2c UCOS/uCOS-III/Source/os_sem.o
                0x00000000080025c4                OS_SemInit
 .text.OS_SemPost
                0x00000000080025f0      0x108 UCOS/uCOS-III/Source/os_sem.o
                0x00000000080025f0                OS_SemPost
 .text.OSStatReset
                0x00000000080026f8      0x12c UCOS/uCOS-III/Source/os_stat.o
                0x00000000080026f8                OSStatReset
 .text.OS_StatTask
                0x0000000008002824      0x360 UCOS/uCOS-III/Source/os_stat.o
                0x0000000008002824                OS_StatTask
 .text.OS_StatTaskInit
                0x0000000008002b84       0xd4 UCOS/uCOS-III/Source/os_stat.o
                0x0000000008002b84                OS_StatTaskInit
 .text.OSTaskCreate
                0x0000000008002c58      0x290 UCOS/uCOS-III/Source/os_task.o
                0x0000000008002c58                OSTaskCreate
 .text.OSTaskDel
                0x0000000008002ee8      0x1b4 UCOS/uCOS-III/Source/os_task.o
                0x0000000008002ee8                OSTaskDel
 .text.OSTaskSemPend
                0x000000000800309c      0x1f8 UCOS/uCOS-III/Source/os_task.o
                0x000000000800309c                OSTaskSemPend
 .text.OSTaskStkChk
                0x0000000008003294       0xf0 UCOS/uCOS-III/Source/os_task.o
                0x0000000008003294                OSTaskStkChk
 .text.OS_TaskDbgListAdd
                0x0000000008003384       0x4c UCOS/uCOS-III/Source/os_task.o
                0x0000000008003384                OS_TaskDbgListAdd
 .text.OS_TaskDbgListRemove
                0x00000000080033d0       0x84 UCOS/uCOS-III/Source/os_task.o
                0x00000000080033d0                OS_TaskDbgListRemove
 .text.OS_TaskInit
                0x0000000008003454       0x38 UCOS/uCOS-III/Source/os_task.o
                0x0000000008003454                OS_TaskInit
 .text.OS_TaskInitTCB
                0x000000000800348c      0x198 UCOS/uCOS-III/Source/os_task.o
                0x000000000800348c                OS_TaskInitTCB
 .text.OS_TaskQPost
                0x0000000008003624      0x1c8 UCOS/uCOS-III/Source/os_task.o
                0x0000000008003624                OS_TaskQPost
 .text.OS_TaskResume
                0x00000000080037ec      0x14c UCOS/uCOS-III/Source/os_task.o
                0x00000000080037ec                OS_TaskResume
 .text.OS_TaskReturn
                0x0000000008003938       0x28 UCOS/uCOS-III/Source/os_task.o
                0x0000000008003938                OS_TaskReturn
 .text.OS_TaskSemPost
                0x0000000008003960      0x264 UCOS/uCOS-III/Source/os_task.o
                0x0000000008003960                OS_TaskSemPost
 .text.OS_TaskSuspend
                0x0000000008003bc4      0x13c UCOS/uCOS-III/Source/os_task.o
                0x0000000008003bc4                OS_TaskSuspend
 .text.OS_TickTask
                0x0000000008003d00       0x30 UCOS/uCOS-III/Source/os_tick.o
                0x0000000008003d00                OS_TickTask
 .text.OS_TickTaskInit
                0x0000000008003d30       0xb8 UCOS/uCOS-III/Source/os_tick.o
                0x0000000008003d30                OS_TickTaskInit
 .text.OS_TickListInit
                0x0000000008003de8       0x4c UCOS/uCOS-III/Source/os_tick.o
                0x0000000008003de8                OS_TickListInit
 .text.OS_TickListInsert
                0x0000000008003e34      0x1f0 UCOS/uCOS-III/Source/os_tick.o
                0x0000000008003e34                OS_TickListInsert
 .text.OS_TickListRemove
                0x0000000008004024       0x8a UCOS/uCOS-III/Source/os_tick.o
                0x0000000008004024                OS_TickListRemove
 *fill*         0x00000000080040ae        0x2 
 .text.OS_TickListResetPeak
                0x00000000080040b0       0x40 UCOS/uCOS-III/Source/os_tick.o
                0x00000000080040b0                OS_TickListResetPeak
 .text.OS_TickListUpdate
                0x00000000080040f0      0x238 UCOS/uCOS-III/Source/os_tick.o
                0x00000000080040f0                OS_TickListUpdate
 .text.OSTimeDly
                0x0000000008004328      0x118 UCOS/uCOS-III/Source/os_time.o
                0x0000000008004328                OSTimeDly
 .text.OSTimeDlyHMSM
                0x0000000008004440      0x238 UCOS/uCOS-III/Source/os_time.o
                0x0000000008004440                OSTimeDlyHMSM
 .text.OSTimeTick
                0x0000000008004678       0x50 UCOS/uCOS-III/Source/os_time.o
                0x0000000008004678                OSTimeTick
 .text.OS_TmrInit
                0x00000000080046c8      0x140 UCOS/uCOS-III/Source/os_tmr.o
                0x00000000080046c8                OS_TmrInit
 .text.OS_TmrLink
                0x0000000008004808      0x168 UCOS/uCOS-III/Source/os_tmr.o
                0x0000000008004808                OS_TmrLink
 .text.OS_TmrResetPeak
                0x0000000008004970       0x40 UCOS/uCOS-III/Source/os_tmr.o
                0x0000000008004970                OS_TmrResetPeak
 .text.OS_TmrUnlink
                0x00000000080049b0       0x9c UCOS/uCOS-III/Source/os_tmr.o
                0x00000000080049b0                OS_TmrUnlink
 .text.OS_TmrTask
                0x0000000008004a4c       0xfc UCOS/uCOS-III/Source/os_tmr.o
                0x0000000008004a4c                OS_TmrTask
 .text.Task_LED
                0x0000000008004b48       0x58 USER/APP/app.o
                0x0000000008004b48                Task_LED
 .text.NVIC_SetPriority
                0x0000000008004ba0       0x54 USER/BSP/BSP.o
 .text.SysTick_Config
                0x0000000008004bf4       0x44 USER/BSP/BSP.o
 .text.BSP_Init
                0x0000000008004c38       0x10 USER/BSP/BSP.o
                0x0000000008004c38                BSP_Init
 .text.SysTick_init
                0x0000000008004c48       0x3c USER/BSP/BSP.o
                0x0000000008004c48                SysTick_init
 .text.LED_GPIO_Config
                0x0000000008004c84       0x3c USER/BSP/led.o
                0x0000000008004c84                LED_GPIO_Config
 .text.main     0x0000000008004cc0       0x64 USER/main.o
                0x0000000008004cc0                main
 .text.NMI_Handler
                0x0000000008004d24        0xc USER/stm32f10x_it.o
                0x0000000008004d24                NMI_Handler
 .text.HardFault_Handler
                0x0000000008004d30        0x6 USER/stm32f10x_it.o
                0x0000000008004d30                HardFault_Handler
 .text.MemManage_Handler
                0x0000000008004d36        0x6 USER/stm32f10x_it.o
                0x0000000008004d36                MemManage_Handler
 .text.BusFault_Handler
                0x0000000008004d3c        0x6 USER/stm32f10x_it.o
                0x0000000008004d3c                BusFault_Handler
 .text.UsageFault_Handler
                0x0000000008004d42        0x6 USER/stm32f10x_it.o
                0x0000000008004d42                UsageFault_Handler
 .text.SVC_Handler
                0x0000000008004d48        0xc USER/stm32f10x_it.o
                0x0000000008004d48                SVC_Handler
 .text.DebugMon_Handler
                0x0000000008004d54        0xc USER/stm32f10x_it.o
                0x0000000008004d54                DebugMon_Handler
 .text.SysTick_Handler
                0x0000000008004d60       0x14 USER/stm32f10x_it.o
                0x0000000008004d60                SysTick_Handler
 .text.SystemInit
                0x0000000008004d74       0x68 USER/system_stm32f10x.o
                0x0000000008004d74                SystemInit
 .text.SetSysClock
                0x0000000008004ddc        0xc USER/system_stm32f10x.o
 .text.SetSysClockTo72
                0x0000000008004de8      0x100 USER/system_stm32f10x.o
 .text.Reset_Handler
                0x0000000008004ee8       0x48 startup/startup_stm32.o
                0x0000000008004ee8                Reset_Handler
 .text.__libc_init_array
                0x0000000008004f30       0x50 /home/shell/Ac6/SystemWorkbench/plugins/fr.ac6.mcu.externaltools.arm-none.linux64_1.15.0.201708311556/tools/compiler/bin/../lib/gcc/arm-none-eabi/6.3.1/../../../../arm-none-eabi/lib/thumb/v7-m/libc.a(lib_a-init.o)
                0x0000000008004f30                __libc_init_array
 .text.startup.register_fini
                0x0000000008004f80       0x14 /home/shell/Ac6/SystemWorkbench/plugins/fr.ac6.mcu.externaltools.arm-none.linux64_1.15.0.201708311556/tools/compiler/bin/../lib/gcc/arm-none-eabi/6.3.1/../../../../arm-none-eabi/lib/thumb/v7-m/libc.a(lib_a-__call_atexit.o)
 .text.atexit   0x0000000008004f94        0xc /home/shell/Ac6/SystemWorkbench/plugins/fr.ac6.mcu.externaltools.arm-none.linux64_1.15.0.201708311556/tools/compiler/bin/../lib/gcc/arm-none-eabi/6.3.1/../../../../arm-none-eabi/lib/thumb/v7-m/libc.a(lib_a-atexit.o)
                0x0000000008004f94                atexit
 .text.__libc_fini_array
                0x0000000008004fa0       0x34 /home/shell/Ac6/SystemWorkbench/plugins/fr.ac6.mcu.externaltools.arm-none.linux64_1.15.0.201708311556/tools/compiler/bin/../lib/gcc/arm-none-eabi/6.3.1/../../../../arm-none-eabi/lib/thumb/v7-m/libc.a(lib_a-fini.o)
                0x0000000008004fa0                __libc_fini_array
 .text.__retarget_lock_acquire_recursive
                0x0000000008004fd4        0x4 /home/shell/Ac6/SystemWorkbench/plugins/fr.ac6.mcu.externaltools.arm-none.linux64_1.15.0.201708311556/tools/compiler/bin/../lib/gcc/arm-none-eabi/6.3.1/../../../../arm-none-eabi/lib/thumb/v7-m/libc.a(lib_a-lock.o)
                0x0000000008004fd4                __retarget_lock_acquire_recursive
 .text.__retarget_lock_release_recursive
                0x0000000008004fd8        0x4 /home/shell/Ac6/SystemWorkbench/plugins/fr.ac6.mcu.externaltools.arm-none.linux64_1.15.0.201708311556/tools/compiler/bin/../lib/gcc/arm-none-eabi/6.3.1/../../../../arm-none-eabi/lib/thumb/v7-m/libc.a(lib_a-lock.o)
                0x0000000008004fd8                __retarget_lock_release_recursive
 .text.__register_exitproc
                0x0000000008004fdc       0xc4 /home/shell/Ac6/SystemWorkbench/plugins/fr.ac6.mcu.externaltools.arm-none.linux64_1.15.0.201708311556/tools/compiler/bin/../lib/gcc/arm-none-eabi/6.3.1/../../../../arm-none-eabi/lib/thumb/v7-m/libc.a(lib_a-__atexit.o)
                0x0000000008004fdc                __register_exitproc
 *(.glue_7)
 .glue_7        0x00000000080050a0        0x0 linker stubs
 *(.glue_7t)
 .glue_7t       0x00000000080050a0        0x0 linker stubs
 *(.eh_frame)
 .eh_frame      0x00000000080050a0        0x0 /home/shell/Ac6/SystemWorkbench/plugins/fr.ac6.mcu.externaltools.arm-none.linux64_1.15.0.201708311556/tools/compiler/bin/../lib/gcc/arm-none-eabi/6.3.1/thumb/v7-m/crtbegin.o
 *(.init)
 .init          0x00000000080050a0        0x4 /home/shell/Ac6/SystemWorkbench/plugins/fr.ac6.mcu.externaltools.arm-none.linux64_1.15.0.201708311556/tools/compiler/bin/../lib/gcc/arm-none-eabi/6.3.1/thumb/v7-m/crti.o
                0x00000000080050a0                _init
 .init          0x00000000080050a4        0x8 /home/shell/Ac6/SystemWorkbench/plugins/fr.ac6.mcu.externaltools.arm-none.linux64_1.15.0.201708311556/tools/compiler/bin/../lib/gcc/arm-none-eabi/6.3.1/thumb/v7-m/crtn.o
 *(.fini)
 .fini          0x00000000080050ac        0x4 /home/shell/Ac6/SystemWorkbench/plugins/fr.ac6.mcu.externaltools.arm-none.linux64_1.15.0.201708311556/tools/compiler/bin/../lib/gcc/arm-none-eabi/6.3.1/thumb/v7-m/crti.o
                0x00000000080050ac                _fini
 .fini          0x00000000080050b0        0x8 /home/shell/Ac6/SystemWorkbench/plugins/fr.ac6.mcu.externaltools.arm-none.linux64_1.15.0.201708311556/tools/compiler/bin/../lib/gcc/arm-none-eabi/6.3.1/thumb/v7-m/crtn.o
                0x00000000080050b8                . = ALIGN (0x4)
                0x00000000080050b8                _etext = .

.vfp11_veneer   0x00000000080050b8        0x0
 .vfp11_veneer  0x00000000080050b8        0x0 linker stubs

.v4_bx          0x00000000080050b8        0x0
 .v4_bx         0x00000000080050b8        0x0 linker stubs

.iplt           0x00000000080050b8        0x0
 .iplt          0x00000000080050b8        0x0 /home/shell/Ac6/SystemWorkbench/plugins/fr.ac6.mcu.externaltools.arm-none.linux64_1.15.0.201708311556/tools/compiler/bin/../lib/gcc/arm-none-eabi/6.3.1/thumb/v7-m/crtbegin.o

.rodata         0x00000000080050b8      0x2b4
                0x00000000080050b8                . = ALIGN (0x4)
 *(.rodata)
 .rodata        0x00000000080050b8       0xa4 UCOS/uCOS-III/Source/os_cfg_app.o
                0x00000000080050b8                OSCfg_IdleTaskStkBasePtr
                0x00000000080050bc                OSCfg_IdleTaskStkLimit
                0x00000000080050c0                OSCfg_IdleTaskStkSize
                0x00000000080050c4                OSCfg_IdleTaskStkSizeRAM
                0x00000000080050c8                OSCfg_IntQBasePtr
                0x00000000080050cc                OSCfg_IntQSize
                0x00000000080050d0                OSCfg_IntQSizeRAM
                0x00000000080050d4                OSCfg_IntQTaskStkBasePtr
                0x00000000080050d8                OSCfg_IntQTaskStkLimit
                0x00000000080050dc                OSCfg_IntQTaskStkSize
                0x00000000080050e0                OSCfg_IntQTaskStkSizeRAM
                0x00000000080050e4                OSCfg_ISRStkBasePtr
                0x00000000080050e8                OSCfg_ISRStkSize
                0x00000000080050ec                OSCfg_ISRStkSizeRAM
                0x00000000080050f0                OSCfg_MsgPoolSize
                0x00000000080050f4                OSCfg_MsgPoolSizeRAM
                0x00000000080050f8                OSCfg_MsgPoolBasePtr
                0x00000000080050fc                OSCfg_StatTaskPrio
                0x0000000008005100                OSCfg_StatTaskRate_Hz
                0x0000000008005104                OSCfg_StatTaskStkBasePtr
                0x0000000008005108                OSCfg_StatTaskStkLimit
                0x000000000800510c                OSCfg_StatTaskStkSize
                0x0000000008005110                OSCfg_StatTaskStkSizeRAM
                0x0000000008005114                OSCfg_StkSizeMin
                0x0000000008005118                OSCfg_TickRate_Hz
                0x000000000800511c                OSCfg_TickTaskPrio
                0x0000000008005120                OSCfg_TickTaskStkBasePtr
                0x0000000008005124                OSCfg_TickTaskStkLimit
                0x0000000008005128                OSCfg_TickTaskStkSize
                0x000000000800512c                OSCfg_TickTaskStkSizeRAM
                0x0000000008005130                OSCfg_TickWheelSize
                0x0000000008005134                OSCfg_TickWheelSizeRAM
                0x0000000008005138                OSCfg_TmrTaskPrio
                0x000000000800513c                OSCfg_TmrTaskRate_Hz
                0x0000000008005140                OSCfg_TmrTaskStkBasePtr
                0x0000000008005144                OSCfg_TmrTaskStkLimit
                0x0000000008005148                OSCfg_TmrTaskStkSize
                0x000000000800514c                OSCfg_TmrTaskStkSizeRAM
                0x0000000008005150                OSCfg_TmrWheelSize
                0x0000000008005154                OSCfg_TmrWheelSizeRAM
                0x0000000008005158                OSCfg_DataSizeRAM
 .rodata        0x000000000800515c       0x2a UCOS/uCOS-III/Source/os_core.o
 *fill*         0x0000000008005186        0x2 
 .rodata        0x0000000008005188      0x16c UCOS/uCOS-III/Source/os_dbg.o
                0x0000000008005188                OSDbg_DbgEn
                0x0000000008005189                OSDbg_ArgChkEn
                0x000000000800518a                OSDbg_AppHooksEn
                0x000000000800518c                OSDbg_EndiannessTest
                0x0000000008005190                OSDbg_CalledFromISRChkEn
                0x0000000008005191                OSDbg_FlagEn
                0x0000000008005194                OSDbg_FlagGrp
                0x00000000080051bc                OSDbg_FlagDelEn
                0x00000000080051bd                OSDbg_FlagModeClrEn
                0x00000000080051be                OSDbg_FlagPendAbortEn
                0x00000000080051c0                OSDbg_FlagGrpSize
                0x00000000080051c2                OSDbg_FlagWidth
                0x00000000080051c4                OSDbg_IntQ
                0x00000000080051c6                OSDbg_ISRPostDeferredEn
                0x00000000080051c8                OSDbg_Mem
                0x00000000080051e8                OSDbg_MemEn
                0x00000000080051ea                OSDbg_MemSize
                0x00000000080051ec                OSDbg_MsgEn
                0x00000000080051ee                OSDbg_MsgSize
                0x00000000080051f0                OSDbg_MsgPoolSize
                0x00000000080051f2                OSDbg_MsgQSize
                0x00000000080051f4                OSDbg_Mutex
                0x0000000008005220                OSDbg_MutexEn
                0x0000000008005221                OSDbg_MutexDelEn
                0x0000000008005222                OSDbg_MutexPendAbortEn
                0x0000000008005224                OSDbg_MutexSize
                0x0000000008005226                OSDbg_ObjTypeChkEn
                0x0000000008005227                OSDbg_PendMultiEn
                0x0000000008005228                OSDbg_PendDataSize
                0x000000000800522a                OSDbg_PendListSize
                0x000000000800522c                OSDbg_PendObjSize
                0x000000000800522e                OSDbg_PrioMax
                0x0000000008005230                OSDbg_PrioTblSize
                0x0000000008005232                OSDbg_PtrSize
                0x0000000008005234                OSDbg_Q
                0x0000000008005264                OSDbg_QEn
                0x0000000008005265                OSDbg_QDelEn
                0x0000000008005266                OSDbg_QFlushEn
                0x0000000008005267                OSDbg_QPendAbortEn
                0x0000000008005268                OSDbg_QSize
                0x000000000800526a                OSDbg_SchedRoundRobinEn
                0x000000000800526c                OSDbg_Sem
                0x0000000008005294                OSDbg_SemEn
                0x0000000008005295                OSDbg_SemDelEn
                0x0000000008005296                OSDbg_SemPendAbortEn
                0x0000000008005297                OSDbg_SemSetEn
                0x0000000008005298                OSDbg_SemSize
                0x000000000800529a                OSDbg_RdyList
                0x000000000800529c                OSDbg_RdyListSize
                0x00000000080052a0                OSDbg_StkWidth
                0x00000000080052a1                OSDbg_StatTaskEn
                0x00000000080052a2                OSDbg_StatTaskStkChkEn
                0x00000000080052a3                OSDbg_TaskChangePrioEn
                0x00000000080052a4                OSDbg_TaskDelEn
                0x00000000080052a5                OSDbg_TaskQEn
                0x00000000080052a6                OSDbg_TaskQPendAbortEn
                0x00000000080052a7                OSDbg_TaskProfileEn
                0x00000000080052a8                OSDbg_TaskRegTblSize
                0x00000000080052aa                OSDbg_TaskSemPendAbortEn
                0x00000000080052ab                OSDbg_TaskSuspendEn
                0x00000000080052ac                OSDbg_TCBSize
                0x00000000080052ae                OSDbg_TickSpokeSize
                0x00000000080052b0                OSDbg_TimeDlyHMSMEn
                0x00000000080052b1                OSDbg_TimeDlyResumeEn
                0x00000000080052b2                OSDbg_TLS_TblSize
                0x00000000080052b4                OSDbg_Tmr
                0x00000000080052e8                OSDbg_TmrEn
                0x00000000080052e9                OSDbg_TmrDelEn
                0x00000000080052ea                OSDbg_TmrSize
                0x00000000080052ec                OSDbg_TmrSpokeSize
                0x00000000080052ee                OSDbg_VersionNbr
                0x00000000080052f0                OSDbg_DataSize
 .rodata        0x00000000080052f4       0x19 UCOS/uCOS-III/Source/os_int.o
 *fill*         0x000000000800530d        0x3 
 .rodata        0x0000000008005310       0x14 UCOS/uCOS-III/Source/os_stat.o
 .rodata        0x0000000008005324        0xa UCOS/uCOS-III/Source/os_task.o
 *fill*         0x000000000800532e        0x2 
 .rodata        0x0000000008005330       0x14 UCOS/uCOS-III/Source/os_tick.o
 .rodata        0x0000000008005344       0x1d UCOS/uCOS-III/Source/os_tmr.o
 *fill*         0x0000000008005361        0x3 
 .rodata        0x0000000008005364        0x4 USER/main.o
 *(.rodata*)
 .rodata._global_impure_ptr
                0x0000000008005368        0x4 /home/shell/Ac6/SystemWorkbench/plugins/fr.ac6.mcu.externaltools.arm-none.linux64_1.15.0.201708311556/tools/compiler/bin/../lib/gcc/arm-none-eabi/6.3.1/../../../../arm-none-eabi/lib/thumb/v7-m/libc.a(lib_a-impure.o)
                0x0000000008005368                _global_impure_ptr
                0x000000000800536c                . = ALIGN (0x4)

.rel.dyn        0x000000000800536c        0x0
 .rel.iplt      0x000000000800536c        0x0 /home/shell/Ac6/SystemWorkbench/plugins/fr.ac6.mcu.externaltools.arm-none.linux64_1.15.0.201708311556/tools/compiler/bin/../lib/gcc/arm-none-eabi/6.3.1/thumb/v7-m/crtbegin.o

.ARM.extab      0x000000000800536c        0x0
                0x000000000800536c                . = ALIGN (0x4)
 *(.ARM.extab* .gnu.linkonce.armextab.*)
                0x000000000800536c                . = ALIGN (0x4)

.ARM            0x000000000800536c        0x0
                0x000000000800536c                . = ALIGN (0x4)
                0x000000000800536c                __exidx_start = .
 *(.ARM.exidx*)
                0x000000000800536c                __exidx_end = .
                0x000000000800536c                . = ALIGN (0x4)

.preinit_array  0x000000000800536c        0x0
                0x000000000800536c                . = ALIGN (0x4)
                0x000000000800536c                PROVIDE (__preinit_array_start, .)
 *(.preinit_array*)
                0x000000000800536c                PROVIDE (__preinit_array_end, .)
                0x000000000800536c                . = ALIGN (0x4)

.init_array     0x000000000800536c        0x8
                0x000000000800536c                . = ALIGN (0x4)
                0x000000000800536c                PROVIDE (__init_array_start, .)
 *(SORT(.init_array.*))
 .init_array.00000
                0x000000000800536c        0x4 /home/shell/Ac6/SystemWorkbench/plugins/fr.ac6.mcu.externaltools.arm-none.linux64_1.15.0.201708311556/tools/compiler/bin/../lib/gcc/arm-none-eabi/6.3.1/../../../../arm-none-eabi/lib/thumb/v7-m/libc.a(lib_a-__call_atexit.o)
 *(.init_array*)
 .init_array    0x0000000008005370        0x4 /home/shell/Ac6/SystemWorkbench/plugins/fr.ac6.mcu.externaltools.arm-none.linux64_1.15.0.201708311556/tools/compiler/bin/../lib/gcc/arm-none-eabi/6.3.1/thumb/v7-m/crtbegin.o
                0x0000000008005374                PROVIDE (__init_array_end, .)
                0x0000000008005374                . = ALIGN (0x4)

.fini_array     0x0000000008005374        0x4
                0x0000000008005374                . = ALIGN (0x4)
                0x0000000008005374                PROVIDE (__fini_array_start, .)
 *(SORT(.fini_array.*))
 *(.fini_array*)
 .fini_array    0x0000000008005374        0x4 /home/shell/Ac6/SystemWorkbench/plugins/fr.ac6.mcu.externaltools.arm-none.linux64_1.15.0.201708311556/tools/compiler/bin/../lib/gcc/arm-none-eabi/6.3.1/thumb/v7-m/crtbegin.o
                0x0000000008005378                PROVIDE (__fini_array_end, .)
                0x0000000008005378                . = ALIGN (0x4)
                0x0000000008005378                _sidata = LOADADDR (.data)

.data           0x0000000020000000      0x444 load address 0x0000000008005378
                0x0000000020000000                . = ALIGN (0x4)
                0x0000000020000000                _sdata = .
 *(.data)
 .data          0x0000000020000000       0x14 USER/system_stm32f10x.o
                0x0000000020000000                SystemCoreClock
                0x0000000020000004                AHBPrescTable
 *(.data*)
 *fill*         0x0000000020000014        0x4 
 .data.impure_data
                0x0000000020000018      0x428 /home/shell/Ac6/SystemWorkbench/plugins/fr.ac6.mcu.externaltools.arm-none.linux64_1.15.0.201708311556/tools/compiler/bin/../lib/gcc/arm-none-eabi/6.3.1/../../../../arm-none-eabi/lib/thumb/v7-m/libc.a(lib_a-impure.o)
 .data.__atexit_recursive_mutex
                0x0000000020000440        0x4 /home/shell/Ac6/SystemWorkbench/plugins/fr.ac6.mcu.externaltools.arm-none.linux64_1.15.0.201708311556/tools/compiler/bin/../lib/gcc/arm-none-eabi/6.3.1/../../../../arm-none-eabi/lib/thumb/v7-m/libc.a(lib_a-__call_atexit.o)
                0x0000000020000440                __atexit_recursive_mutex
                0x0000000020000444                . = ALIGN (0x4)
                0x0000000020000444                _edata = .

.jcr            0x0000000020000444        0x0 load address 0x00000000080057bc
 .jcr           0x0000000020000444        0x0 /home/shell/Ac6/SystemWorkbench/plugins/fr.ac6.mcu.externaltools.arm-none.linux64_1.15.0.201708311556/tools/compiler/bin/../lib/gcc/arm-none-eabi/6.3.1/thumb/v7-m/crtbegin.o

.igot.plt       0x0000000020000444        0x0 load address 0x00000000080057bc
 .igot.plt      0x0000000020000444        0x0 /home/shell/Ac6/SystemWorkbench/plugins/fr.ac6.mcu.externaltools.arm-none.linux64_1.15.0.201708311556/tools/compiler/bin/../lib/gcc/arm-none-eabi/6.3.1/thumb/v7-m/crtbegin.o
                0x0000000020000444                . = ALIGN (0x4)

.bss            0x0000000020000444     0x1f24 load address 0x00000000080057bc
                0x0000000020000444                _sbss = .
                0x0000000020000444                __bss_start__ = _sbss
 *(.bss)
 .bss           0x0000000020000444       0x1c /home/shell/Ac6/SystemWorkbench/plugins/fr.ac6.mcu.externaltools.arm-none.linux64_1.15.0.201708311556/tools/compiler/bin/../lib/gcc/arm-none-eabi/6.3.1/thumb/v7-m/crtbegin.o
 .bss           0x0000000020000460      0x2c0 USER/main.o
 *(.bss*)
 *(COMMON)
 COMMON         0x0000000020000720        0x4 UCOS/uCOS-III/Ports/os_cpu_c.o
                0x0000000020000720                OS_CPU_ExceptStkBase
 COMMON         0x0000000020000724     0x1490 UCOS/uCOS-III/Source/os_cfg_app.o
                0x0000000020000724                OSCfg_IntQTaskStk
                0x0000000020000924                OSCfg_StatTaskStk
                0x0000000020000b24                OSCfg_TickWheel
                0x0000000020000bac                OSCfg_MsgPool
                0x00000000200011ec                OSCfg_TmrTaskStk
                0x00000000200013ec                OSCfg_TmrWheel
                0x0000000020001474                OSCfg_ISRStk
                0x0000000020001674                OSCfg_TickTaskStk
                0x0000000020001874                OSCfg_IntQ
                0x00000000200019b4                OSCfg_IdleTaskStk
 COMMON         0x0000000020001bb4        0x8 UCOS/uCOS-III/Source/os_prio.o
                0x0000000020001bb4                OSPrioTbl
 COMMON         0x0000000020001bbc      0x788 UCOS/uCOS-III/Source/os_var.o
                0x0000000020001bbc                OSSchedLockNestingCtr
                0x0000000020001bc0                OS_AppTaskReturnHookPtr
                0x0000000020001bc4                OSStatTaskTimeMax
                0x0000000020001bc8                OSStatTaskCtr
                0x0000000020001bcc                OSTaskRegNextAvailID
                0x0000000020001bcd                OSRunning
                0x0000000020001bd0                OSRdyList
                0x0000000020001ed0                OSIntQInPtr
                0x0000000020001ed4                OSPrioHighRdy
                0x0000000020001ed5                OSStatTaskRdy
                0x0000000020001ed8                OSSemDbgListPtr
                0x0000000020001edc                OS_AppTaskCreateHookPtr
                0x0000000020001ee0                OSPrioCur
                0x0000000020001ee4                OSTickTaskTCB
                0x0000000020001fa4                OSIntQTaskTimeMax
                0x0000000020001fa8                OSTmrTickCtr
                0x0000000020001fac                OSTCBCurPtr
                0x0000000020001fb0                OSQQty
                0x0000000020001fb2                OSStatTaskCPUUsageMax
                0x0000000020001fb4                OSIntQNbrEntriesMax
                0x0000000020001fb6                OSPrioSaved
                0x0000000020001fb8                OSTCBHighRdyPtr
                0x0000000020001fbc                OSTaskDbgListPtr
                0x0000000020001fc0                OSTmrTaskTimeMax
                0x0000000020001fc4                OS_AppTaskDelHookPtr
                0x0000000020001fc8                OS_AppTimeTickHookPtr
                0x0000000020001fcc                OSStatTaskCPUUsage
                0x0000000020001fd0                OSTaskCtxSwCtr
                0x0000000020001fd4                OSIntNestingCtr
                0x0000000020001fd6                OSTaskQty
                0x0000000020001fd8                OSTmrTaskTCB
                0x0000000020002098                OSMsgPool
                0x00000000200020a4                OSIntQOutPtr
                0x00000000200020a8                OSIdleTaskTCB
                0x0000000020002168                OSQDbgListPtr
                0x000000002000216c                OSIntQTaskTCB
                0x000000002000222c                OSSemQty
                0x0000000020002230                OSMemDbgListPtr
                0x0000000020002234                OSSchedRoundRobinDfltTimeQuanta
                0x0000000020002238                OS_AppIdleTaskHookPtr
                0x000000002000223c                OSStatTaskCtrMax
                0x0000000020002240                OSTickCtr
                0x0000000020002244                OS_AppTaskSwHookPtr
                0x0000000020002248                OSTmrQty
                0x000000002000224c                OSIdleTaskCtr
                0x0000000020002250                OSStatTaskCtrRun
                0x0000000020002254                OS_AppStatTaskHookPtr
                0x0000000020002258                OSFlagQty
                0x000000002000225a                OSIntQOvfCtr
                0x000000002000225c                OSFlagDbgListPtr
                0x0000000020002260                OSStatResetFlag
                0x0000000020002262                OSMemQty
                0x0000000020002264                OSMutexQty
                0x0000000020002268                OSStatTaskTCB
                0x0000000020002328                OSTmrDbgListPtr
                0x000000002000232c                OSTickTaskTimeMax
                0x0000000020002330                OSTmrUpdateCnt
                0x0000000020002334                OSSchedRoundRobinEn
                0x0000000020002338                OSMutexDbgListPtr
                0x000000002000233c                OSIntQNbrEntries
                0x0000000020002340                OSTmrUpdateCtr
 COMMON         0x0000000020002344       0x21 /home/shell/Ac6/SystemWorkbench/plugins/fr.ac6.mcu.externaltools.arm-none.linux64_1.15.0.201708311556/tools/compiler/bin/../lib/gcc/arm-none-eabi/6.3.1/../../../../arm-none-eabi/lib/thumb/v7-m/libc.a(lib_a-lock.o)
                0x0000000020002344                __lock___atexit_recursive_mutex
                0x0000000020002348                __lock___arc4random_mutex
                0x000000002000234c                __lock___env_recursive_mutex
                0x0000000020002350                __lock___sinit_recursive_mutex
                0x0000000020002354                __lock___malloc_recursive_mutex
                0x0000000020002358                __lock___at_quick_exit_mutex
                0x000000002000235c                __lock___dd_hash_mutex
                0x0000000020002360                __lock___tz_mutex
                0x0000000020002364                __lock___sfp_recursive_mutex
                0x0000000020002368                . = ALIGN (0x4)
 *fill*         0x0000000020002365        0x3 
                0x0000000020002368                _ebss = .
                0x0000000020002368                __bss_end__ = _ebss

._user_heap_stack
                0x0000000020002368      0x400 load address 0x00000000080057bc
                0x0000000020002368                . = ALIGN (0x8)
                0x0000000020002368                PROVIDE (end, .)
                [!provide]                        PROVIDE (_end, .)
                0x0000000020002368                . = (. + _Min_Heap_Size)
                0x0000000020002768                . = (. + _Min_Stack_Size)
 *fill*         0x0000000020002368      0x400 
                0x0000000020002768                . = ALIGN (0x8)

/DISCARD/
 libc.a(*)
 libm.a(*)
 libgcc.a(*)

.ARM.attributes
                0x0000000000000000       0x29
 *(.ARM.attributes)
 .ARM.attributes
                0x0000000000000000       0x1d /home/shell/Ac6/SystemWorkbench/plugins/fr.ac6.mcu.externaltools.arm-none.linux64_1.15.0.201708311556/tools/compiler/bin/../lib/gcc/arm-none-eabi/6.3.1/thumb/v7-m/crti.o
 .ARM.attributes
                0x000000000000001d       0x2d /home/shell/Ac6/SystemWorkbench/plugins/fr.ac6.mcu.externaltools.arm-none.linux64_1.15.0.201708311556/tools/compiler/bin/../lib/gcc/arm-none-eabi/6.3.1/thumb/v7-m/crtbegin.o
 .ARM.attributes
                0x000000000000004a       0x33 StdPeriph_Driver/src/stm32f10x_gpio.o
 .ARM.attributes
                0x000000000000007d       0x33 StdPeriph_Driver/src/stm32f10x_rcc.o
 .ARM.attributes
                0x00000000000000b0       0x21 UCOS/uC-CPU/cpu_a.o
 .ARM.attributes
                0x00000000000000d1       0x33 UCOS/uC-CPU/cpu_core.o
 .ARM.attributes
                0x0000000000000104       0x21 UCOS/uCOS-III/Ports/os_cpu_a.o
 .ARM.attributes
                0x0000000000000125       0x33 UCOS/uCOS-III/Ports/os_cpu_c.o
 .ARM.attributes
                0x0000000000000158       0x33 UCOS/uCOS-III/Source/os_cfg_app.o
 .ARM.attributes
                0x000000000000018b       0x33 UCOS/uCOS-III/Source/os_core.o
 .ARM.attributes
                0x00000000000001be       0x33 UCOS/uCOS-III/Source/os_dbg.o
 .ARM.attributes
                0x00000000000001f1       0x33 UCOS/uCOS-III/Source/os_flag.o
 .ARM.attributes
                0x0000000000000224       0x33 UCOS/uCOS-III/Source/os_int.o
 .ARM.attributes
                0x0000000000000257       0x33 UCOS/uCOS-III/Source/os_mem.o
 .ARM.attributes
                0x000000000000028a       0x33 UCOS/uCOS-III/Source/os_msg.o
 .ARM.attributes
                0x00000000000002bd       0x33 UCOS/uCOS-III/Source/os_mutex.o
 .ARM.attributes
                0x00000000000002f0       0x33 UCOS/uCOS-III/Source/os_prio.o
 .ARM.attributes
                0x0000000000000323       0x33 UCOS/uCOS-III/Source/os_q.o
 .ARM.attributes
                0x0000000000000356       0x33 UCOS/uCOS-III/Source/os_sem.o
 .ARM.attributes
                0x0000000000000389       0x33 UCOS/uCOS-III/Source/os_stat.o
 .ARM.attributes
                0x00000000000003bc       0x33 UCOS/uCOS-III/Source/os_task.o
 .ARM.attributes
                0x00000000000003ef       0x33 UCOS/uCOS-III/Source/os_tick.o
 .ARM.attributes
                0x0000000000000422       0x33 UCOS/uCOS-III/Source/os_time.o
 .ARM.attributes
                0x0000000000000455       0x33 UCOS/uCOS-III/Source/os_tmr.o
 .ARM.attributes
                0x0000000000000488       0x33 UCOS/uCOS-III/Source/os_var.o
 .ARM.attributes
                0x00000000000004bb       0x33 USER/APP/app.o
 .ARM.attributes
                0x00000000000004ee       0x33 USER/BSP/BSP.o
 .ARM.attributes
                0x0000000000000521       0x33 USER/BSP/led.o
 .ARM.attributes
                0x0000000000000554       0x33 USER/main.o
 .ARM.attributes
                0x0000000000000587       0x33 USER/stm32f10x_it.o
 .ARM.attributes
                0x00000000000005ba       0x33 USER/system_stm32f10x.o
 .ARM.attributes
                0x00000000000005ed       0x21 startup/startup_stm32.o
 .ARM.attributes
                0x000000000000060e       0x2d /home/shell/Ac6/SystemWorkbench/plugins/fr.ac6.mcu.externaltools.arm-none.linux64_1.15.0.201708311556/tools/compiler/bin/../lib/gcc/arm-none-eabi/6.3.1/../../../../arm-none-eabi/lib/thumb/v7-m/libc.a(lib_a-impure.o)
 .ARM.attributes
                0x000000000000063b       0x2d /home/shell/Ac6/SystemWorkbench/plugins/fr.ac6.mcu.externaltools.arm-none.linux64_1.15.0.201708311556/tools/compiler/bin/../lib/gcc/arm-none-eabi/6.3.1/../../../../arm-none-eabi/lib/thumb/v7-m/libc.a(lib_a-init.o)
 .ARM.attributes
                0x0000000000000668       0x2d /home/shell/Ac6/SystemWorkbench/plugins/fr.ac6.mcu.externaltools.arm-none.linux64_1.15.0.201708311556/tools/compiler/bin/../lib/gcc/arm-none-eabi/6.3.1/../../../../arm-none-eabi/lib/thumb/v7-m/libc.a(lib_a-__call_atexit.o)
 .ARM.attributes
                0x0000000000000695       0x2d /home/shell/Ac6/SystemWorkbench/plugins/fr.ac6.mcu.externaltools.arm-none.linux64_1.15.0.201708311556/tools/compiler/bin/../lib/gcc/arm-none-eabi/6.3.1/../../../../arm-none-eabi/lib/thumb/v7-m/libc.a(lib_a-atexit.o)
 .ARM.attributes
                0x00000000000006c2       0x2d /home/shell/Ac6/SystemWorkbench/plugins/fr.ac6.mcu.externaltools.arm-none.linux64_1.15.0.201708311556/tools/compiler/bin/../lib/gcc/arm-none-eabi/6.3.1/../../../../arm-none-eabi/lib/thumb/v7-m/libc.a(lib_a-fini.o)
 .ARM.attributes
                0x00000000000006ef       0x2d /home/shell/Ac6/SystemWorkbench/plugins/fr.ac6.mcu.externaltools.arm-none.linux64_1.15.0.201708311556/tools/compiler/bin/../lib/gcc/arm-none-eabi/6.3.1/../../../../arm-none-eabi/lib/thumb/v7-m/libc.a(lib_a-lock.o)
 .ARM.attributes
                0x000000000000071c       0x2d /home/shell/Ac6/SystemWorkbench/plugins/fr.ac6.mcu.externaltools.arm-none.linux64_1.15.0.201708311556/tools/compiler/bin/../lib/gcc/arm-none-eabi/6.3.1/../../../../arm-none-eabi/lib/thumb/v7-m/libc.a(lib_a-__atexit.o)
 .ARM.attributes
                0x0000000000000749       0x1d /home/shell/Ac6/SystemWorkbench/plugins/fr.ac6.mcu.externaltools.arm-none.linux64_1.15.0.201708311556/tools/compiler/bin/../lib/gcc/arm-none-eabi/6.3.1/thumb/v7-m/crtn.o
OUTPUT(test.elf elf32-littlearm)

.debug_info     0x0000000000000000    0x2360a
 .debug_info    0x0000000000000000      0x6ef StdPeriph_Driver/src/stm32f10x_gpio.o
 .debug_info    0x00000000000006ef      0x8a0 StdPeriph_Driver/src/stm32f10x_rcc.o
 .debug_info    0x0000000000000f8f       0x60 UCOS/uC-CPU/cpu_a.o
 .debug_info    0x0000000000000fef      0x2f6 UCOS/uC-CPU/cpu_core.o
 .debug_info    0x00000000000012e5       0x6b UCOS/uCOS-III/Ports/os_cpu_a.o
 .debug_info    0x0000000000001350     0x138b UCOS/uCOS-III/Ports/os_cpu_c.o
 .debug_info    0x00000000000026db     0x14c4 UCOS/uCOS-III/Source/os_cfg_app.o
 .debug_info    0x0000000000003b9f     0x2124 UCOS/uCOS-III/Source/os_core.o
 .debug_info    0x0000000000005cc3     0x175a UCOS/uCOS-III/Source/os_dbg.o
 .debug_info    0x000000000000741d     0x1c0a UCOS/uCOS-III/Source/os_flag.o
 .debug_info    0x0000000000009027     0x1828 UCOS/uCOS-III/Source/os_int.o
 .debug_info    0x000000000000a84f     0x185e UCOS/uCOS-III/Source/os_mem.o
 .debug_info    0x000000000000c0ad     0x1878 UCOS/uCOS-III/Source/os_msg.o
 .debug_info    0x000000000000d925     0x1a09 UCOS/uCOS-III/Source/os_mutex.o
 .debug_info    0x000000000000f32e     0x1315 UCOS/uCOS-III/Source/os_prio.o
 .debug_info    0x0000000000010643     0x1b43 UCOS/uCOS-III/Source/os_q.o
 .debug_info    0x0000000000012186     0x1b14 UCOS/uCOS-III/Source/os_sem.o
 .debug_info    0x0000000000013c9a     0x1879 UCOS/uCOS-III/Source/os_stat.o
 .debug_info    0x0000000000015513     0x20aa UCOS/uCOS-III/Source/os_task.o
 .debug_info    0x00000000000175bd     0x18fb UCOS/uCOS-III/Source/os_tick.o
 .debug_info    0x0000000000018eb8     0x18b6 UCOS/uCOS-III/Source/os_time.o
 .debug_info    0x000000000001a76e     0x1bb9 UCOS/uCOS-III/Source/os_tmr.o
 .debug_info    0x000000000001c327     0x137a UCOS/uCOS-III/Source/os_var.o
 .debug_info    0x000000000001d6a1     0x1792 USER/APP/app.o
 .debug_info    0x000000000001ee33     0x16fe USER/BSP/BSP.o
 .debug_info    0x0000000000020531      0x219 USER/BSP/led.o
 .debug_info    0x000000000002074a     0x172e USER/main.o
 .debug_info    0x0000000000021e78     0x12dc USER/stm32f10x_it.o
 .debug_info    0x0000000000023154      0x456 USER/system_stm32f10x.o
 .debug_info    0x00000000000235aa       0x60 startup/startup_stm32.o

.debug_abbrev   0x0000000000000000     0x2ac7
 .debug_abbrev  0x0000000000000000      0x1e0 StdPeriph_Driver/src/stm32f10x_gpio.o
 .debug_abbrev  0x00000000000001e0      0x1d2 StdPeriph_Driver/src/stm32f10x_rcc.o
 .debug_abbrev  0x00000000000003b2       0x14 UCOS/uC-CPU/cpu_a.o
 .debug_abbrev  0x00000000000003c6       0xdf UCOS/uC-CPU/cpu_core.o
 .debug_abbrev  0x00000000000004a5       0x14 UCOS/uCOS-III/Ports/os_cpu_a.o
 .debug_abbrev  0x00000000000004b9      0x1c0 UCOS/uCOS-III/Ports/os_cpu_c.o
 .debug_abbrev  0x0000000000000679      0x111 UCOS/uCOS-III/Source/os_cfg_app.o
 .debug_abbrev  0x000000000000078a      0x1df UCOS/uCOS-III/Source/os_core.o
 .debug_abbrev  0x0000000000000969      0x115 UCOS/uCOS-III/Source/os_dbg.o
 .debug_abbrev  0x0000000000000a7e      0x1fa UCOS/uCOS-III/Source/os_flag.o
 .debug_abbrev  0x0000000000000c78      0x1b3 UCOS/uCOS-III/Source/os_int.o
 .debug_abbrev  0x0000000000000e2b      0x18a UCOS/uCOS-III/Source/os_mem.o
 .debug_abbrev  0x0000000000000fb5      0x1c0 UCOS/uCOS-III/Source/os_msg.o
 .debug_abbrev  0x0000000000001175      0x1fa UCOS/uCOS-III/Source/os_mutex.o
 .debug_abbrev  0x000000000000136f      0x163 UCOS/uCOS-III/Source/os_prio.o
 .debug_abbrev  0x00000000000014d2      0x1fa UCOS/uCOS-III/Source/os_q.o
 .debug_abbrev  0x00000000000016cc      0x1fa UCOS/uCOS-III/Source/os_sem.o
 .debug_abbrev  0x00000000000018c6      0x18c UCOS/uCOS-III/Source/os_stat.o
 .debug_abbrev  0x0000000000001a52      0x1da UCOS/uCOS-III/Source/os_task.o
 .debug_abbrev  0x0000000000001c2c      0x1e7 UCOS/uCOS-III/Source/os_tick.o
 .debug_abbrev  0x0000000000001e13      0x1c0 UCOS/uCOS-III/Source/os_time.o
 .debug_abbrev  0x0000000000001fd3      0x1fa UCOS/uCOS-III/Source/os_tmr.o
 .debug_abbrev  0x00000000000021cd       0xe8 UCOS/uCOS-III/Source/os_var.o
 .debug_abbrev  0x00000000000022b5      0x148 USER/APP/app.o
 .debug_abbrev  0x00000000000023fd      0x1c8 USER/BSP/BSP.o
 .debug_abbrev  0x00000000000025c5      0x105 USER/BSP/led.o
 .debug_abbrev  0x00000000000026ca      0x13d USER/main.o
 .debug_abbrev  0x0000000000002807      0x112 USER/stm32f10x_it.o
 .debug_abbrev  0x0000000000002919      0x19c USER/system_stm32f10x.o
 .debug_abbrev  0x0000000000002ab5       0x12 startup/startup_stm32.o

.debug_aranges  0x0000000000000000      0xab0
 .debug_aranges
                0x0000000000000000       0xa8 StdPeriph_Driver/src/stm32f10x_gpio.o
 .debug_aranges
                0x00000000000000a8      0x118 StdPeriph_Driver/src/stm32f10x_rcc.o
 .debug_aranges
                0x00000000000001c0       0x20 UCOS/uC-CPU/cpu_a.o
 .debug_aranges
                0x00000000000001e0       0x68 UCOS/uC-CPU/cpu_core.o
 .debug_aranges
                0x0000000000000248       0x20 UCOS/uCOS-III/Ports/os_cpu_a.o
 .debug_aranges
                0x0000000000000268       0x60 UCOS/uCOS-III/Ports/os_cpu_c.o
 .debug_aranges
                0x00000000000002c8       0x20 UCOS/uCOS-III/Source/os_cfg_app.o
 .debug_aranges
                0x00000000000002e8      0x148 UCOS/uCOS-III/Source/os_core.o
 .debug_aranges
                0x0000000000000430       0x20 UCOS/uCOS-III/Source/os_dbg.o
 .debug_aranges
                0x0000000000000450       0x80 UCOS/uCOS-III/Source/os_flag.o
 .debug_aranges
                0x00000000000004d0       0x38 UCOS/uCOS-III/Source/os_int.o
 .debug_aranges
                0x0000000000000508       0x40 UCOS/uCOS-III/Source/os_mem.o
 .debug_aranges
                0x0000000000000548       0x40 UCOS/uCOS-III/Source/os_msg.o
 .debug_aranges
                0x0000000000000588       0x60 UCOS/uCOS-III/Source/os_mutex.o
 .debug_aranges
                0x00000000000005e8       0x38 UCOS/uCOS-III/Source/os_prio.o
 .debug_aranges
                0x0000000000000620       0x70 UCOS/uCOS-III/Source/os_q.o
 .debug_aranges
                0x0000000000000690       0x70 UCOS/uCOS-III/Source/os_sem.o
 .debug_aranges
                0x0000000000000700       0x38 UCOS/uCOS-III/Source/os_stat.o
 .debug_aranges
                0x0000000000000738       0xf0 UCOS/uCOS-III/Source/os_task.o
 .debug_aranges
                0x0000000000000828       0x50 UCOS/uCOS-III/Source/os_tick.o
 .debug_aranges
                0x0000000000000878       0x48 UCOS/uCOS-III/Source/os_time.o
 .debug_aranges
                0x00000000000008c0       0x88 UCOS/uCOS-III/Source/os_tmr.o
 .debug_aranges
                0x0000000000000948       0x18 UCOS/uCOS-III/Source/os_var.o
 .debug_aranges
                0x0000000000000960       0x20 USER/APP/app.o
 .debug_aranges
                0x0000000000000980       0x38 USER/BSP/BSP.o
 .debug_aranges
                0x00000000000009b8       0x20 USER/BSP/led.o
 .debug_aranges
                0x00000000000009d8       0x20 USER/main.o
 .debug_aranges
                0x00000000000009f8       0x58 USER/stm32f10x_it.o
 .debug_aranges
                0x0000000000000a50       0x38 USER/system_stm32f10x.o
 .debug_aranges
                0x0000000000000a88       0x28 startup/startup_stm32.o

.debug_ranges   0x0000000000000000      0x8b0
 .debug_ranges  0x0000000000000000       0x98 StdPeriph_Driver/src/stm32f10x_gpio.o
 .debug_ranges  0x0000000000000098      0x108 StdPeriph_Driver/src/stm32f10x_rcc.o
 .debug_ranges  0x00000000000001a0       0x58 UCOS/uC-CPU/cpu_core.o
 .debug_ranges  0x00000000000001f8       0x50 UCOS/uCOS-III/Ports/os_cpu_c.o
 .debug_ranges  0x0000000000000248       0x10 UCOS/uCOS-III/Source/os_cfg_app.o
 .debug_ranges  0x0000000000000258      0x138 UCOS/uCOS-III/Source/os_core.o
 .debug_ranges  0x0000000000000390       0x10 UCOS/uCOS-III/Source/os_dbg.o
 .debug_ranges  0x00000000000003a0       0x70 UCOS/uCOS-III/Source/os_flag.o
 .debug_ranges  0x0000000000000410       0x28 UCOS/uCOS-III/Source/os_int.o
 .debug_ranges  0x0000000000000438       0x30 UCOS/uCOS-III/Source/os_mem.o
 .debug_ranges  0x0000000000000468       0x30 UCOS/uCOS-III/Source/os_msg.o
 .debug_ranges  0x0000000000000498       0x50 UCOS/uCOS-III/Source/os_mutex.o
 .debug_ranges  0x00000000000004e8       0x28 UCOS/uCOS-III/Source/os_prio.o
 .debug_ranges  0x0000000000000510       0x60 UCOS/uCOS-III/Source/os_q.o
 .debug_ranges  0x0000000000000570       0x60 UCOS/uCOS-III/Source/os_sem.o
 .debug_ranges  0x00000000000005d0       0x28 UCOS/uCOS-III/Source/os_stat.o
 .debug_ranges  0x00000000000005f8       0xe0 UCOS/uCOS-III/Source/os_task.o
 .debug_ranges  0x00000000000006d8       0x40 UCOS/uCOS-III/Source/os_tick.o
 .debug_ranges  0x0000000000000718       0x38 UCOS/uCOS-III/Source/os_time.o
 .debug_ranges  0x0000000000000750       0x78 UCOS/uCOS-III/Source/os_tmr.o
 .debug_ranges  0x00000000000007c8       0x10 USER/APP/app.o
 .debug_ranges  0x00000000000007d8       0x28 USER/BSP/BSP.o
 .debug_ranges  0x0000000000000800       0x10 USER/BSP/led.o
 .debug_ranges  0x0000000000000810       0x10 USER/main.o
 .debug_ranges  0x0000000000000820       0x48 USER/stm32f10x_it.o
 .debug_ranges  0x0000000000000868       0x28 USER/system_stm32f10x.o
 .debug_ranges  0x0000000000000890       0x20 startup/startup_stm32.o

.debug_macro    0x0000000000000000     0x2703
 .debug_macro   0x0000000000000000      0x1d7 StdPeriph_Driver/src/stm32f10x_gpio.o
 .debug_macro   0x00000000000001d7      0x2a6 StdPeriph_Driver/src/stm32f10x_gpio.o
 .debug_macro   0x000000000000047d      0x2a1 StdPeriph_Driver/src/stm32f10x_rcc.o
 .debug_macro   0x000000000000071e      0x3dc StdPeriph_Driver/src/stm32f10x_rcc.o
 .debug_macro   0x0000000000000afa       0x55 UCOS/uC-CPU/cpu_core.o
 .debug_macro   0x0000000000000b4f       0x10 UCOS/uC-CPU/cpu_core.o
 .debug_macro   0x0000000000000b5f       0x79 UCOS/uCOS-III/Ports/os_cpu_c.o
 .debug_macro   0x0000000000000bd8       0x10 UCOS/uCOS-III/Ports/os_cpu_c.o
 .debug_macro   0x0000000000000be8      0x106 UCOS/uCOS-III/Ports/os_cpu_c.o
 .debug_macro   0x0000000000000cee       0x34 UCOS/uCOS-III/Ports/os_cpu_c.o
 .debug_macro   0x0000000000000d22      0x2b3 UCOS/uCOS-III/Ports/os_cpu_c.o
 .debug_macro   0x0000000000000fd5       0xa0 UCOS/uCOS-III/Source/os_cfg_app.o
 .debug_macro   0x0000000000001075       0x70 UCOS/uCOS-III/Source/os_cfg_app.o
 .debug_macro   0x00000000000010e5       0x34 UCOS/uCOS-III/Source/os_cfg_app.o
 .debug_macro   0x0000000000001119       0x79 UCOS/uCOS-III/Source/os_core.o
 .debug_macro   0x0000000000001192       0x79 UCOS/uCOS-III/Source/os_dbg.o
 .debug_macro   0x000000000000120b       0x79 UCOS/uCOS-III/Source/os_flag.o
 .debug_macro   0x0000000000001284       0x79 UCOS/uCOS-III/Source/os_int.o
 .debug_macro   0x00000000000012fd       0x79 UCOS/uCOS-III/Source/os_mem.o
 .debug_macro   0x0000000000001376       0x79 UCOS/uCOS-III/Source/os_msg.o
 .debug_macro   0x00000000000013ef       0x79 UCOS/uCOS-III/Source/os_mutex.o
 .debug_macro   0x0000000000001468       0x79 UCOS/uCOS-III/Source/os_prio.o
 .debug_macro   0x00000000000014e1       0x79 UCOS/uCOS-III/Source/os_q.o
 .debug_macro   0x000000000000155a       0x79 UCOS/uCOS-III/Source/os_sem.o
 .debug_macro   0x00000000000015d3       0x79 UCOS/uCOS-III/Source/os_stat.o
 .debug_macro   0x000000000000164c       0x79 UCOS/uCOS-III/Source/os_task.o
 .debug_macro   0x00000000000016c5       0x79 UCOS/uCOS-III/Source/os_tick.o
 .debug_macro   0x000000000000173e       0x79 UCOS/uCOS-III/Source/os_time.o
 .debug_macro   0x00000000000017b7       0x85 UCOS/uCOS-III/Source/os_tmr.o
 .debug_macro   0x000000000000183c       0x7f UCOS/uCOS-III/Source/os_var.o
 .debug_macro   0x00000000000018bb      0x2b3 UCOS/uCOS-III/Source/os_var.o
 .debug_macro   0x0000000000001b6e      0x208 USER/APP/app.o
 .debug_macro   0x0000000000001d76       0x1c USER/APP/app.o
 .debug_macro   0x0000000000001d92      0x211 USER/BSP/BSP.o
 .debug_macro   0x0000000000001fa3       0x28 USER/BSP/BSP.o
 .debug_macro   0x0000000000001fcb      0x18a USER/BSP/led.o
 .debug_macro   0x0000000000002155       0x16 USER/BSP/led.o
 .debug_macro   0x000000000000216b      0x208 USER/main.o
 .debug_macro   0x0000000000002373      0x208 USER/stm32f10x_it.o
 .debug_macro   0x000000000000257b      0x188 USER/system_stm32f10x.o

.debug_line     0x0000000000000000     0x77da
 .debug_line    0x0000000000000000      0x760 StdPeriph_Driver/src/stm32f10x_gpio.o
 .debug_line    0x0000000000000760      0x85c StdPeriph_Driver/src/stm32f10x_rcc.o
 .debug_line    0x0000000000000fbc       0x66 UCOS/uC-CPU/cpu_a.o
 .debug_line    0x0000000000001022      0x1ed UCOS/uC-CPU/cpu_core.o
 .debug_line    0x000000000000120f       0x88 UCOS/uCOS-III/Ports/os_cpu_a.o
 .debug_line    0x0000000000001297      0x256 UCOS/uCOS-III/Ports/os_cpu_c.o
 .debug_line    0x00000000000014ed      0x1a7 UCOS/uCOS-III/Source/os_cfg_app.o
 .debug_line    0x0000000000001694      0x701 UCOS/uCOS-III/Source/os_core.o
 .debug_line    0x0000000000001d95      0x1d9 UCOS/uCOS-III/Source/os_dbg.o
 .debug_line    0x0000000000001f6e      0x47e UCOS/uCOS-III/Source/os_flag.o
 .debug_line    0x00000000000023ec      0x29d UCOS/uCOS-III/Source/os_int.o
 .debug_line    0x0000000000002689      0x247 UCOS/uCOS-III/Source/os_mem.o
 .debug_line    0x00000000000028d0      0x260 UCOS/uCOS-III/Source/os_msg.o
 .debug_line    0x0000000000002b30      0x401 UCOS/uCOS-III/Source/os_mutex.o
 .debug_line    0x0000000000002f31      0x1e8 UCOS/uCOS-III/Source/os_prio.o
 .debug_line    0x0000000000003119      0x3a0 UCOS/uCOS-III/Source/os_q.o
 .debug_line    0x00000000000034b9      0x36b UCOS/uCOS-III/Source/os_sem.o
 .debug_line    0x0000000000003824      0x2aa UCOS/uCOS-III/Source/os_stat.o
 .debug_line    0x0000000000003ace      0x7f2 UCOS/uCOS-III/Source/os_task.o
 .debug_line    0x00000000000042c0      0x305 UCOS/uCOS-III/Source/os_tick.o
 .debug_line    0x00000000000045c5      0x2a4 UCOS/uCOS-III/Source/os_time.o
 .debug_line    0x0000000000004869      0x430 UCOS/uCOS-III/Source/os_tmr.o
 .debug_line    0x0000000000004c99      0x180 UCOS/uCOS-III/Source/os_var.o
 .debug_line    0x0000000000004e19      0x745 USER/APP/app.o
 .debug_line    0x000000000000555e      0x79f USER/BSP/BSP.o
 .debug_line    0x0000000000005cfd      0x57e USER/BSP/led.o
 .debug_line    0x000000000000627b      0x723 USER/main.o
 .debug_line    0x000000000000699e      0x7ad USER/stm32f10x_it.o
 .debug_line    0x000000000000714b      0x616 USER/system_stm32f10x.o
 .debug_line    0x0000000000007761       0x79 startup/startup_stm32.o

.debug_str      0x0000000000000000    0x5718d
 .debug_str     0x0000000000000000    0x4ceac StdPeriph_Driver/src/stm32f10x_gpio.o
                                      0x4d021 (size before relaxing)
 .debug_str     0x000000000004ceac      0xb59 StdPeriph_Driver/src/stm32f10x_rcc.o
                                      0x4d607 (size before relaxing)
 .debug_str     0x000000000004da05     0x44b2 UCOS/uC-CPU/cpu_core.o
                                       0x6a69 (size before relaxing)
 .debug_str     0x0000000000051eb7     0x2754 UCOS/uCOS-III/Ports/os_cpu_c.o
                                       0x9130 (size before relaxing)
 .debug_str     0x000000000005460b      0x43f UCOS/uCOS-III/Source/os_cfg_app.o
                                       0x9485 (size before relaxing)
 .debug_str     0x0000000000054a4a      0xf9f UCOS/uCOS-III/Source/os_core.o
                                       0xa025 (size before relaxing)
 .debug_str     0x00000000000559e9      0x4f1 UCOS/uCOS-III/Source/os_dbg.o
                                       0x9549 (size before relaxing)
 .debug_str     0x0000000000055eda      0x12f UCOS/uCOS-III/Source/os_flag.o
                                       0x9e37 (size before relaxing)
 .debug_str     0x0000000000056009       0x88 UCOS/uCOS-III/Source/os_int.o
                                       0x9d71 (size before relaxing)
 .debug_str     0x0000000000056091       0x95 UCOS/uCOS-III/Source/os_mem.o
                                       0x9d5e (size before relaxing)
 .debug_str     0x0000000000056126       0x91 UCOS/uCOS-III/Source/os_msg.o
                                       0x9d65 (size before relaxing)
 .debug_str     0x00000000000561b7       0xd5 UCOS/uCOS-III/Source/os_mutex.o
                                       0x9ddd (size before relaxing)
 .debug_str     0x000000000005628c       0x6a UCOS/uCOS-III/Source/os_prio.o
                                       0x90c7 (size before relaxing)
 .debug_str     0x00000000000562f6       0xbd UCOS/uCOS-III/Source/os_q.o
                                       0x9df1 (size before relaxing)
 .debug_str     0x00000000000563b3       0xc3 UCOS/uCOS-III/Source/os_sem.o
                                       0x9ddc (size before relaxing)
 .debug_str     0x0000000000056476       0xaf UCOS/uCOS-III/Source/os_stat.o
                                       0x9d95 (size before relaxing)
 .debug_str     0x0000000000056525      0x1f8 UCOS/uCOS-III/Source/os_task.o
                                       0x9f61 (size before relaxing)
 .debug_str     0x000000000005671d       0xce UCOS/uCOS-III/Source/os_tick.o
                                       0x9dd5 (size before relaxing)
 .debug_str     0x00000000000567eb       0xb9 UCOS/uCOS-III/Source/os_time.o
                                       0x9d81 (size before relaxing)
 .debug_str     0x00000000000568a4      0x192 UCOS/uCOS-III/Source/os_tmr.o
                                       0x9e84 (size before relaxing)
 .debug_str     0x0000000000056a36       0x35 UCOS/uCOS-III/Source/os_var.o
                                       0x907f (size before relaxing)
 .debug_str     0x0000000000056a6b       0xa8 USER/APP/app.o
                                      0x541d4 (size before relaxing)
 .debug_str     0x0000000000056b13      0x4e3 USER/BSP/BSP.o
                                      0x53bd0 (size before relaxing)
 .debug_str     0x0000000000056ff6       0x35 USER/BSP/led.o
                                      0x4cbf4 (size before relaxing)
 .debug_str     0x000000000005702b       0x1f USER/main.o
                                      0x541ac (size before relaxing)
 .debug_str     0x000000000005704a       0x98 USER/stm32f10x_it.o
                                      0x53672 (size before relaxing)
 .debug_str     0x00000000000570e2       0xab USER/system_stm32f10x.o
                                      0x4cbb6 (size before relaxing)

.comment        0x0000000000000000       0x7f
 .comment       0x0000000000000000       0x7f StdPeriph_Driver/src/stm32f10x_gpio.o
                                         0x80 (size before relaxing)
 .comment       0x000000000000007f       0x80 StdPeriph_Driver/src/stm32f10x_rcc.o
 .comment       0x000000000000007f       0x80 UCOS/uC-CPU/cpu_core.o
 .comment       0x000000000000007f       0x80 UCOS/uCOS-III/Ports/os_cpu_c.o
 .comment       0x000000000000007f       0x80 UCOS/uCOS-III/Source/os_cfg_app.o
 .comment       0x000000000000007f       0x80 UCOS/uCOS-III/Source/os_core.o
 .comment       0x000000000000007f       0x80 UCOS/uCOS-III/Source/os_dbg.o
 .comment       0x000000000000007f       0x80 UCOS/uCOS-III/Source/os_flag.o
 .comment       0x000000000000007f       0x80 UCOS/uCOS-III/Source/os_int.o
 .comment       0x000000000000007f       0x80 UCOS/uCOS-III/Source/os_mem.o
 .comment       0x000000000000007f       0x80 UCOS/uCOS-III/Source/os_msg.o
 .comment       0x000000000000007f       0x80 UCOS/uCOS-III/Source/os_mutex.o
 .comment       0x000000000000007f       0x80 UCOS/uCOS-III/Source/os_prio.o
 .comment       0x000000000000007f       0x80 UCOS/uCOS-III/Source/os_q.o
 .comment       0x000000000000007f       0x80 UCOS/uCOS-III/Source/os_sem.o
 .comment       0x000000000000007f       0x80 UCOS/uCOS-III/Source/os_stat.o
 .comment       0x000000000000007f       0x80 UCOS/uCOS-III/Source/os_task.o
 .comment       0x000000000000007f       0x80 UCOS/uCOS-III/Source/os_tick.o
 .comment       0x000000000000007f       0x80 UCOS/uCOS-III/Source/os_time.o
 .comment       0x000000000000007f       0x80 UCOS/uCOS-III/Source/os_tmr.o
 .comment       0x000000000000007f       0x80 UCOS/uCOS-III/Source/os_var.o
 .comment       0x000000000000007f       0x80 USER/APP/app.o
 .comment       0x000000000000007f       0x80 USER/BSP/BSP.o
 .comment       0x000000000000007f       0x80 USER/BSP/led.o
 .comment       0x000000000000007f       0x80 USER/main.o
 .comment       0x000000000000007f       0x80 USER/stm32f10x_it.o
 .comment       0x000000000000007f       0x80 USER/system_stm32f10x.o

.debug_frame    0x0000000000000000     0x2784
 .debug_frame   0x0000000000000000      0x2d0 StdPeriph_Driver/src/stm32f10x_gpio.o
 .debug_frame   0x00000000000002d0      0x4f4 StdPeriph_Driver/src/stm32f10x_rcc.o
 .debug_frame   0x00000000000007c4      0x184 UCOS/uC-CPU/cpu_core.o
 .debug_frame   0x0000000000000948      0x144 UCOS/uCOS-III/Ports/os_cpu_c.o
 .debug_frame   0x0000000000000a8c       0x30 UCOS/uCOS-III/Source/os_cfg_app.o
 .debug_frame   0x0000000000000abc      0x5a0 UCOS/uCOS-III/Source/os_core.o
 .debug_frame   0x000000000000105c       0x38 UCOS/uCOS-III/Source/os_dbg.o
 .debug_frame   0x0000000000001094      0x1fc UCOS/uCOS-III/Source/os_flag.o
 .debug_frame   0x0000000000001290       0xa8 UCOS/uCOS-III/Source/os_int.o
 .debug_frame   0x0000000000001338       0xcc UCOS/uCOS-III/Source/os_mem.o
 .debug_frame   0x0000000000001404       0xd8 UCOS/uCOS-III/Source/os_msg.o
 .debug_frame   0x00000000000014dc      0x16c UCOS/uCOS-III/Source/os_mutex.o
 .debug_frame   0x0000000000001648       0xac UCOS/uCOS-III/Source/os_prio.o
 .debug_frame   0x00000000000016f4      0x1b0 UCOS/uCOS-III/Source/os_q.o
 .debug_frame   0x00000000000018a4      0x1b0 UCOS/uCOS-III/Source/os_sem.o
 .debug_frame   0x0000000000001a54       0xa0 UCOS/uCOS-III/Source/os_stat.o
 .debug_frame   0x0000000000001af4      0x3f4 UCOS/uCOS-III/Source/os_task.o
 .debug_frame   0x0000000000001ee8      0x120 UCOS/uCOS-III/Source/os_tick.o
 .debug_frame   0x0000000000002008       0xec UCOS/uCOS-III/Source/os_time.o
 .debug_frame   0x00000000000020f4      0x220 UCOS/uCOS-III/Source/os_tmr.o
 .debug_frame   0x0000000000002314       0x30 USER/APP/app.o
 .debug_frame   0x0000000000002344       0x94 USER/BSP/BSP.o
 .debug_frame   0x00000000000023d8       0x34 USER/BSP/led.o
 .debug_frame   0x000000000000240c       0x34 USER/main.o
 .debug_frame   0x0000000000002440       0xec USER/stm32f10x_it.o
 .debug_frame   0x000000000000252c       0x98 USER/system_stm32f10x.o
 .debug_frame   0x00000000000025c4       0x2c /home/shell/Ac6/SystemWorkbench/plugins/fr.ac6.mcu.externaltools.arm-none.linux64_1.15.0.201708311556/tools/compiler/bin/../lib/gcc/arm-none-eabi/6.3.1/../../../../arm-none-eabi/lib/thumb/v7-m/libc.a(lib_a-init.o)
 .debug_frame   0x00000000000025f0       0x5c /home/shell/Ac6/SystemWorkbench/plugins/fr.ac6.mcu.externaltools.arm-none.linux64_1.15.0.201708311556/tools/compiler/bin/../lib/gcc/arm-none-eabi/6.3.1/../../../../arm-none-eabi/lib/thumb/v7-m/libc.a(lib_a-__call_atexit.o)
 .debug_frame   0x000000000000264c       0x20 /home/shell/Ac6/SystemWorkbench/plugins/fr.ac6.mcu.externaltools.arm-none.linux64_1.15.0.201708311556/tools/compiler/bin/../lib/gcc/arm-none-eabi/6.3.1/../../../../arm-none-eabi/lib/thumb/v7-m/libc.a(lib_a-atexit.o)
 .debug_frame   0x000000000000266c       0x34 /home/shell/Ac6/SystemWorkbench/plugins/fr.ac6.mcu.externaltools.arm-none.linux64_1.15.0.201708311556/tools/compiler/bin/../lib/gcc/arm-none-eabi/6.3.1/../../../../arm-none-eabi/lib/thumb/v7-m/libc.a(lib_a-fini.o)
 .debug_frame   0x00000000000026a0       0xb0 /home/shell/Ac6/SystemWorkbench/plugins/fr.ac6.mcu.externaltools.arm-none.linux64_1.15.0.201708311556/tools/compiler/bin/../lib/gcc/arm-none-eabi/6.3.1/../../../../arm-none-eabi/lib/thumb/v7-m/libc.a(lib_a-lock.o)
 .debug_frame   0x0000000000002750       0x34 /home/shell/Ac6/SystemWorkbench/plugins/fr.ac6.mcu.externaltools.arm-none.linux64_1.15.0.201708311556/tools/compiler/bin/../lib/gcc/arm-none-eabi/6.3.1/../../../../arm-none-eabi/lib/thumb/v7-m/libc.a(lib_a-__atexit.o)
